[    0.000000] Linux version 4.15.0-66-generic (buildd@lgw01-amd64-044) (gcc version 7.4.0 (Ubuntu 7.4.0-1ubuntu1~18.04.1)) #75-Ubuntu SMP Tue Oct 1 05:24:09 UTC 2019 (Ubuntu 4.15.0-66.75-generic 4.15.18)
[    0.000000] Command line: BOOT_IMAGE=/boot/vmlinuz-4.15.0-66-generic root=LABEL=cloudimg-rootfs ro console=tty1 console=ttyS0
[    0.000000] KERNEL supported cpus:
[    0.000000]   Intel GenuineIntel
[    0.000000]   AMD AuthenticAMD
[    0.000000]   Centaur CentaurHauls
[    0.000000] x86/fpu: Supporting XSAVE feature 0x001: 'x87 floating point registers'
[    0.000000] x86/fpu: Supporting XSAVE feature 0x002: 'SSE registers'
[    0.000000] x86/fpu: Supporting XSAVE feature 0x004: 'AVX registers'
[    0.000000] x86/fpu: xstate_offset[2]:  576, xstate_sizes[2]:  256
[    0.000000] x86/fpu: Enabled xstate features 0x7, context size is 832 bytes, using 'standard' format.
[    0.000000] e820: BIOS-provided physical RAM map:
[    0.000000] BIOS-e820: [mem 0x0000000000000000-0x000000000009fbff] usable
[    0.000000] BIOS-e820: [mem 0x000000000009fc00-0x000000000009ffff] reserved
[    0.000000] BIOS-e820: [mem 0x00000000000f0000-0x00000000000fffff] reserved
[    0.000000] BIOS-e820: [mem 0x0000000000100000-0x000000007ffeffff] usable
[    0.000000] BIOS-e820: [mem 0x000000007fff0000-0x000000007fffffff] ACPI data
[    0.000000] BIOS-e820: [mem 0x00000000fec00000-0x00000000fec00fff] reserved
[    0.000000] BIOS-e820: [mem 0x00000000fee00000-0x00000000fee00fff] reserved
[    0.000000] BIOS-e820: [mem 0x00000000fffc0000-0x00000000ffffffff] reserved
[    0.000000] NX (Execute Disable) protection: active
[    0.000000] SMBIOS 2.5 present.
[    0.000000] DMI: innotek GmbH VirtualBox/VirtualBox, BIOS VirtualBox 12/01/2006
[    0.000000] Hypervisor detected: KVM
[    0.000000] e820: last_pfn = 0x7fff0 max_arch_pfn = 0x400000000
[    0.000000] MTRR: Disabled
[    0.000000] x86/PAT: MTRRs disabled, skipping PAT initialization too.
[    0.000000] CPU MTRRs all blank - virtualized system.
[    0.000000] x86/PAT: Configuration [0-7]: WB  WT  UC- UC  WB  WT  UC- UC  
[    0.000000] found SMP MP-table at [mem 0x0009fff0-0x0009ffff]
[    0.000000] Scanning 1 areas for low memory corruption
[    0.000000] RAMDISK: [mem 0x35a89000-0x36d3bfff]
[    0.000000] ACPI: Early table checksum verification disabled
[    0.000000] ACPI: RSDP 0x00000000000E0000 000024 (v02 VBOX  )
[    0.000000] ACPI: XSDT 0x000000007FFF0030 00003C (v01 VBOX   VBOXXSDT 00000001 ASL  00000061)
[    0.000000] ACPI: FACP 0x000000007FFF00F0 0000F4 (v04 VBOX   VBOXFACP 00000001 ASL  00000061)
[    0.000000] ACPI: DSDT 0x000000007FFF0470 0022EA (v02 VBOX   VBOXBIOS 00000002 INTL 20100528)
[    0.000000] ACPI: FACS 0x000000007FFF0200 000040
[    0.000000] ACPI: FACS 0x000000007FFF0200 000040
[    0.000000] ACPI: APIC 0x000000007FFF0240 00005C (v02 VBOX   VBOXAPIC 00000001 ASL  00000061)
[    0.000000] ACPI: SSDT 0x000000007FFF02A0 0001CC (v01 VBOX   VBOXCPUT 00000002 INTL 20100528)
[    0.000000] No NUMA configuration found
[    0.000000] Faking a node at [mem 0x0000000000000000-0x000000007ffeffff]
[    0.000000] NODE_DATA(0) allocated [mem 0x7ffc5000-0x7ffeffff]
[    0.000000] kvm-clock: cpu 0, msr 0:7ff44001, primary cpu clock
[    0.000000] kvm-clock: Using msrs 4b564d01 and 4b564d00
[    0.000000] kvm-clock: using sched offset of 3289278789 cycles
[    0.000000] clocksource: kvm-clock: mask: 0xffffffffffffffff max_cycles: 0x1cd42e4dffb, max_idle_ns: 881590591483 ns
[    0.000000] Zone ranges:
[    0.000000]   DMA      [mem 0x0000000000001000-0x0000000000ffffff]
[    0.000000]   DMA32    [mem 0x0000000001000000-0x000000007ffeffff]
[    0.000000]   Normal   empty
[    0.000000]   Device   empty
[    0.000000] Movable zone start for each node
[    0.000000] Early memory node ranges
[    0.000000]   node   0: [mem 0x0000000000001000-0x000000000009efff]
[    0.000000]   node   0: [mem 0x0000000000100000-0x000000007ffeffff]
[    0.000000] Reserved but unavailable: 98 pages
[    0.000000] Initmem setup node 0 [mem 0x0000000000001000-0x000000007ffeffff]
[    0.000000] ACPI: PM-Timer IO Port: 0x4008
[    0.000000] IOAPIC[0]: apic_id 2, version 32, address 0xfec00000, GSI 0-23
[    0.000000] ACPI: INT_SRC_OVR (bus 0 bus_irq 0 global_irq 2 dfl dfl)
[    0.000000] ACPI: INT_SRC_OVR (bus 0 bus_irq 9 global_irq 9 low level)
[    0.000000] Using ACPI (MADT) for SMP configuration information
[    0.000000] smpboot: Allowing 2 CPUs, 0 hotplug CPUs
[    0.000000] PM: Registered nosave memory: [mem 0x00000000-0x00000fff]
[    0.000000] PM: Registered nosave memory: [mem 0x0009f000-0x0009ffff]
[    0.000000] PM: Registered nosave memory: [mem 0x000a0000-0x000effff]
[    0.000000] PM: Registered nosave memory: [mem 0x000f0000-0x000fffff]
[    0.000000] e820: [mem 0x80000000-0xfebfffff] available for PCI devices
[    0.000000] Booting paravirtualized kernel on KVM
[    0.000000] clocksource: refined-jiffies: mask: 0xffffffff max_cycles: 0xffffffff, max_idle_ns: 7645519600211568 ns
[    0.000000] random: get_random_bytes called from start_kernel+0x99/0x4fd with crng_init=0
[    0.000000] setup_percpu: NR_CPUS:8192 nr_cpumask_bits:2 nr_cpu_ids:2 nr_node_ids:1
[    0.000000] percpu: Embedded 46 pages/cpu s151552 r8192 d28672 u1048576
[    0.000000] PV qspinlock hash table entries: 256 (order: 0, 4096 bytes)
[    0.000000] Built 1 zonelists, mobility grouping on.  Total pages: 515961
[    0.000000] Policy zone: DMA32
[    0.000000] Kernel command line: BOOT_IMAGE=/boot/vmlinuz-4.15.0-66-generic root=LABEL=cloudimg-rootfs ro console=tty1 console=ttyS0
[    0.000000] Memory: 2015624K/2096696K available (12300K kernel code, 2481K rwdata, 4260K rodata, 2436K init, 2388K bss, 81072K reserved, 0K cma-reserved)
[    0.000000] SLUB: HWalign=64, Order=0-3, MinObjects=0, CPUs=2, Nodes=1
[    0.000000] Kernel/User page tables isolation: enabled
[    0.000000] ftrace: allocating 39306 entries in 154 pages
[    0.004000] Hierarchical RCU implementation.
[    0.004000] 	RCU restricting CPUs from NR_CPUS=8192 to nr_cpu_ids=2.
[    0.004000] 	Tasks RCU enabled.
[    0.004000] RCU: Adjusting geometry for rcu_fanout_leaf=16, nr_cpu_ids=2
[    0.004000] NR_IRQS: 524544, nr_irqs: 440, preallocated irqs: 16
[    0.004000] Console: colour VGA+ 80x25
[    0.004000] console [tty1] enabled
[    0.004000] console [ttyS0] enabled
[    0.004000] ACPI: Core revision 20170831
[    0.004000] ACPI: 2 ACPI AML tables successfully acquired and loaded
[    0.004000] APIC: Switch to symmetric I/O mode setup
[    0.004000] x2apic enabled
[    0.004000] Switched APIC routing to physical x2apic.
[    0.004000] ..TIMER: vector=0x30 apic1=0 pin1=2 apic2=-1 pin2=-1
[    0.004004] tsc: Detected 2999.998 MHz processor
[    0.004870] Calibrating delay loop (skipped) preset value.. 5999.99 BogoMIPS (lpj=11999992)
[    0.005396] pid_max: default: 32768 minimum: 301
[    0.006165] Security Framework initialized
[    0.008003] Yama: becoming mindful.
[    0.008790] AppArmor: AppArmor initialized
[    0.010727] Dentry cache hash table entries: 262144 (order: 9, 2097152 bytes)
[    0.013215] Inode-cache hash table entries: 131072 (order: 8, 1048576 bytes)
[    0.014334] Mount-cache hash table entries: 4096 (order: 3, 32768 bytes)
[    0.015377] Mountpoint-cache hash table entries: 4096 (order: 3, 32768 bytes)
[    0.016203] Last level iTLB entries: 4KB 128, 2MB 8, 4MB 8
[    0.017064] Last level dTLB entries: 4KB 64, 2MB 0, 4MB 0, 1GB 4
[    0.018001] Spectre V1 : Mitigation: usercopy/swapgs barriers and __user pointer sanitization
[    0.019345] Spectre V2 : Mitigation: Full generic retpoline
[    0.020001] Spectre V2 : Spectre v2 / SpectreRSB mitigation: Filling RSB on context switch
[    0.021386] Speculative Store Bypass: Vulnerable
[    0.022152] MDS: Mitigation: Clear CPU buffers
[    0.022988] Freeing SMP alternatives memory: 36K
[    0.134639] smpboot: CPU0: Intel(R) Core(TM) i5-8500 CPU @ 3.00GHz (family: 0x6, model: 0x9e, stepping: 0xa)
[    0.136000] Performance Events: unsupported p6 CPU model 158 no PMU driver, software events only.
[    0.136000] Hierarchical SRCU implementation.
[    0.136452] NMI watchdog: Perf event create on CPU 0 failed with -2
[    0.137607] NMI watchdog: Perf NMI watchdog permanently disabled
[    0.138580] smp: Bringing up secondary CPUs ...
[    0.139366] x86: Booting SMP configuration:
[    0.140002] .... node  #0, CPUs:      #1
[    0.004000] kvm-clock: cpu 1, msr 0:7ff44041, secondary cpu clock
[    0.144024] smp: Brought up 1 node, 2 CPUs
[    0.144793] smpboot: Max logical packages: 1
[    0.145496] smpboot: Total of 2 processors activated (11999.99 BogoMIPS)
[    0.146711] devtmpfs: initialized
[    0.148044] x86/mm: Memory block size: 128MB
[    0.148893] evm: security.selinux
[    0.149444] evm: security.SMACK64
[    0.149990] evm: security.SMACK64EXEC
[    0.150586] evm: security.SMACK64TRANSMUTE
[    0.151249] evm: security.SMACK64MMAP
[    0.152003] evm: security.apparmor
[    0.152593] evm: security.ima
[    0.153128] evm: security.capability
[    0.153752] clocksource: jiffies: mask: 0xffffffff max_cycles: 0xffffffff, max_idle_ns: 7645041785100000 ns
[    0.156007] futex hash table entries: 512 (order: 3, 32768 bytes)
[    0.156996] pinctrl core: initialized pinctrl subsystem
[    0.157894] RTC time:  8:37:19, date: 11/06/19
[    0.158701] NET: Registered protocol family 16
[    0.159467] audit: initializing netlink subsys (disabled)
[    0.160043] audit: type=2000 audit(1573029444.116:1): state=initialized audit_enabled=0 res=1
[    0.160101] cpuidle: using governor ladder
[    0.160689] cpuidle: using governor menu
[    0.161357] ACPI: bus type PCI registered
[    0.164003] acpiphp: ACPI Hot Plug PCI Controller Driver version: 0.5
[    0.165147] PCI: Using configuration type 1 for base access
[    0.168036] HugeTLB registered 2.00 MiB page size, pre-allocated 0 pages
[    0.169442] ACPI: Added _OSI(Module Device)
[    0.169442] ACPI: Added _OSI(Processor Device)
[    0.169446] ACPI: Added _OSI(3.0 _SCP Extensions)
[    0.170188] ACPI: Added _OSI(Processor Aggregator Device)
[    0.172003] ACPI: Added _OSI(Linux-Dell-Video)
[    0.172724] ACPI: Added _OSI(Linux-Lenovo-NV-HDMI-Audio)
[    0.173625] ACPI: Added _OSI(Linux-HPI-Hybrid-Graphics)
[    0.174992] ACPI: Executed 1 blocks of module-level executable AML code
[    0.178542] ACPI: Interpreter enabled
[    0.179159] ACPI: (supports S0 S5)
[    0.180002] ACPI: Using IOAPIC for interrupt routing
[    0.181252] PCI: Using host bridge windows from ACPI; if necessary, use "pci=nocrs" and report a bug
[    0.182837] ACPI: Enabled 2 GPEs in block 00 to 07
[    0.189179] ACPI: PCI Root Bridge [PCI0] (domain 0000 [bus 00-ff])
[    0.190497] acpi PNP0A03:00: _OSC: OS supports [ASPM ClockPM Segments MSI]
[    0.192344] acpi PNP0A03:00: _OSC: not requesting OS control; OS requires [ExtendedConfig ASPM ClockPM MSI]
[    0.194142] acpi PNP0A03:00: fail to add MMCONFIG information, can't access extended PCI configuration space under this bridge.
[    0.196374] PCI host bridge to bus 0000:00
[    0.197036] pci_bus 0000:00: root bus resource [io  0x0000-0x0cf7 window]
[    0.198075] pci_bus 0000:00: root bus resource [io  0x0d00-0xffff window]
[    0.199110] pci_bus 0000:00: root bus resource [mem 0x000a0000-0x000bffff window]
[    0.200002] pci_bus 0000:00: root bus resource [mem 0x80000000-0xfdffffff window]
[    0.201204] pci_bus 0000:00: root bus resource [bus 00-ff]
[    0.205067] pci 0000:00:01.1: legacy IDE quirk: reg 0x10: [io  0x01f0-0x01f7]
[    0.206164] pci 0000:00:01.1: legacy IDE quirk: reg 0x14: [io  0x03f6]
[    0.207187] pci 0000:00:01.1: legacy IDE quirk: reg 0x18: [io  0x0170-0x0177]
[    0.208004] pci 0000:00:01.1: legacy IDE quirk: reg 0x1c: [io  0x0376]
[    0.227538] pci 0000:00:07.0: quirk: [io  0x4000-0x403f] claimed by PIIX4 ACPI
[    0.228020] pci 0000:00:07.0: quirk: [io  0x4100-0x410f] claimed by PIIX4 SMB
[    0.237395] ACPI: PCI Interrupt Link [LNKA] (IRQs 5 9 10 *11)
[    0.238912] ACPI: PCI Interrupt Link [LNKB] (IRQs 5 9 *10 11)
[    0.239914] ACPI: PCI Interrupt Link [LNKC] (IRQs 5 *9 10 11)
[    0.240139] ACPI: PCI Interrupt Link [LNKD] (IRQs 5 9 10 *11)
[    0.241334] SCSI subsystem initialized
[    0.241994] pci 0000:00:02.0: vgaarb: setting as boot VGA device
[    0.241994] pci 0000:00:02.0: vgaarb: VGA device added: decodes=io+mem,owns=io+mem,locks=none
[    0.244011] pci 0000:00:02.0: vgaarb: bridge control possible
[    0.244910] vgaarb: loaded
[    0.245409] ACPI: bus type USB registered
[    0.246074] usbcore: registered new interface driver usbfs
[    0.248013] usbcore: registered new interface driver hub
[    0.248867] usbcore: registered new device driver usb
[    0.249710] EDAC MC: Ver: 3.0.0
[    0.249710] PCI: Using ACPI for IRQ routing
[    0.249710] NetLabel: Initializing
[    0.252006] NetLabel:  domain hash size = 128
[    0.252708] NetLabel:  protocols = UNLABELED CIPSOv4 CALIPSO
[    0.253904] NetLabel:  unlabeled traffic allowed by default
[    0.254807] clocksource: Switched to clocksource kvm-clock
[    0.262932] VFS: Disk quotas dquot_6.6.0
[    0.263720] VFS: Dquot-cache hash table entries: 512 (order 0, 4096 bytes)
[    0.265373] AppArmor: AppArmor Filesystem Enabled
[    0.266205] pnp: PnP ACPI init
[    0.267660] pnp: PnP ACPI: found 3 devices
[    0.276077] clocksource: acpi_pm: mask: 0xffffff max_cycles: 0xffffff, max_idle_ns: 2085701024 ns
[    0.277527] NET: Registered protocol family 2
[    0.278357] TCP established hash table entries: 16384 (order: 5, 131072 bytes)
[    0.279552] TCP bind hash table entries: 16384 (order: 6, 262144 bytes)
[    0.280634] TCP: Hash tables configured (established 16384 bind 16384)
[    0.282706] UDP hash table entries: 1024 (order: 3, 32768 bytes)
[    0.283656] UDP-Lite hash table entries: 1024 (order: 3, 32768 bytes)
[    0.285049] NET: Registered protocol family 1
[    0.285764] pci 0000:00:00.0: Limiting direct PCI/PCI transfers
[    0.286717] pci 0000:00:01.0: Activating ISA DMA hang workarounds
[    0.287722] pci 0000:00:02.0: Video device with shadowed ROM at [mem 0x000c0000-0x000dffff]
[    0.289135] Unpacking initramfs...
[    0.521885] Freeing initrd memory: 19148K
[    0.522763] clocksource: tsc: mask: 0xffffffffffffffff max_cycles: 0x2b3e43c8763, max_idle_ns: 440795360101 ns
[    0.524866] platform rtc_cmos: registered platform RTC device (no PNP device found)
[    0.526171] Scanning for low memory corruption every 60 seconds
[    0.527605] Initialise system trusted keyrings
[    0.528546] Key type blacklist registered
[    0.529313] workingset: timestamp_bits=36 max_order=19 bucket_order=0
[    0.531000] zbud: loaded
[    0.531917] squashfs: version 4.0 (2009/01/31) Phillip Lougher
[    0.533138] fuse init (API version 7.26)
[    0.536330] Key type asymmetric registered
[    0.537175] Asymmetric key parser 'x509' registered
[    0.537987] Block layer SCSI generic (bsg) driver version 0.4 loaded (major 246)
[    0.539244] io scheduler noop registered
[    0.539913] io scheduler deadline registered
[    0.540844] io scheduler cfq registered (default)
[    0.541915] ACPI: AC Adapter [AC] (on-line)
[    0.542636] input: Power Button as /devices/LNXSYSTM:00/LNXPWRBN:00/input/input0
[    0.543863] ACPI: Power Button [PWRF]
[    0.544550] input: Sleep Button as /devices/LNXSYSTM:00/LNXSLPBN:00/input/input1
[    0.545721] ACPI: Sleep Button [SLPF]
[    0.546613] Serial: 8250/16550 driver, 32 ports, IRQ sharing enabled
[    0.568399] 00:02: ttyS0 at I/O 0x3f8 (irq = 4, base_baud = 115200) is a 16550A
[    0.572947] Linux agpgart interface v0.103
[    0.574874] loop: module loaded
[    0.575825] scsi host0: ata_piix
[    0.576566] scsi host1: ata_piix
[    0.577126] ata1: PATA max UDMA/33 cmd 0x1f0 ctl 0x3f6 bmdma 0xd000 irq 14
[    0.578186] ata2: PATA max UDMA/33 cmd 0x170 ctl 0x376 bmdma 0xd008 irq 15
[    0.579295] libphy: Fixed MDIO Bus: probed
[    0.580220] tun: Universal TUN/TAP device driver, 1.6
[    0.581101] PPP generic driver version 2.4.2
[    0.582298] ehci_hcd: USB 2.0 'Enhanced' Host Controller (EHCI) Driver
[    0.583588] ehci-pci: EHCI PCI platform driver
[    0.584375] ehci-platform: EHCI generic platform driver
[    0.585210] ohci_hcd: USB 1.1 'Open' Host Controller (OHCI) Driver
[    0.586173] ohci-pci: OHCI PCI platform driver
[    0.586891] ohci-platform: OHCI generic platform driver
[    0.587773] uhci_hcd: USB Universal Host Controller Interface driver
[    0.588835] i8042: PNP: PS/2 Controller [PNP0303:PS2K,PNP0f03:PS2M] at 0x60,0x64 irq 1,12
[    0.590530] serio: i8042 KBD port at 0x60,0x64 irq 1
[    0.591387] serio: i8042 AUX port at 0x60,0x64 irq 12
[    0.592411] mousedev: PS/2 mouse device common for all mice
[    0.593929] rtc_cmos rtc_cmos: rtc core: registered rtc_cmos as rtc0
[    0.594979] rtc_cmos rtc_cmos: alarms up to one day, 114 bytes nvram
[    0.595992] input: AT Translated Set 2 keyboard as /devices/platform/i8042/serio0/input/input2
[    0.597384] i2c /dev entries driver
[    0.598103] device-mapper: uevent: version 1.0.3
[    0.599073] device-mapper: ioctl: 4.37.0-ioctl (2017-09-20) initialised: dm-devel@redhat.com
[    0.600526] ledtrig-cpu: registered to indicate activity on CPUs
[    0.604842] NET: Registered protocol family 10
[    0.609719] Segment Routing with IPv6
[    0.610780] NET: Registered protocol family 17
[    0.611692] Key type dns_resolver registered
[    0.612580] mce: Using 0 MCE banks
[    0.613164] RAS: Correctable Errors collector initialized.
[    0.614034] sched_clock: Marking stable (612559456, 0)->(756200458, -143641002)
[    0.615594] registered taskstats version 1
[    0.616300] Loading compiled-in X.509 certificates
[    0.619068] Loaded X.509 cert 'Build time autogenerated kernel key: 01a66adcc10ca4ce7676a3458c33483b0e2b806e'
[    0.620796] zswap: loaded using pool lzo/zbud
[    0.624184] Key type big_key registered
[    0.624828] Key type trusted registered
[    0.626711] Key type encrypted registered
[    0.627365] AppArmor: AppArmor sha1 policy hashing enabled
[    0.628254] ima: No TPM chip found, activating TPM-bypass! (rc=-19)
[    0.629222] ima: Allocated hash algorithm: sha1
[    0.629951] evm: HMAC attrs: 0x1
[    0.630688]   Magic number: 11:907:623
[    0.631410] rtc_cmos rtc_cmos: setting system clock to 2019-11-06 08:37:20 UTC (1573029440)
[    0.632965] BIOS EDD facility v0.16 2004-Jun-25, 0 devices found
[    0.633930] EDD information not available.
[    0.743188] Freeing unused kernel image memory: 2436K
[    0.752874] Write protecting the kernel read-only data: 20480k
[    0.755823] Freeing unused kernel image memory: 2008K
[    0.757831] Freeing unused kernel image memory: 1884K
[    0.763459] x86/mm: Checked W+X mappings: passed, no W+X pages found.
[    0.764725] x86/mm: Checking user space page tables
[    0.770001] x86/mm: Checked W+X mappings: passed, no W+X pages found.
Loading, please wait...
starting version 237
[    0.826963] Fusion MPT base driver 3.04.20
[    0.827849] Copyright (c) 1999-2008 LSI Corporation
[    0.839289] Fusion MPT SPI Host driver 3.04.20
[    0.845251] e1000: Intel(R) PRO/1000 Network Driver - version 7.3.21-k8-NAPI
[    0.845255] AVX2 version of gcm_enc/dec engaged.
[    0.846583] e1000: Copyright (c) 1999-2006 Intel Corporation.
[    0.847334] AES CTR mode by8 optimization enabled
[    0.859056] mptbase: ioc0: Initiating bringup
[    0.964405] ioc0: LSI53C1030 A0: Capabilities={Initiator}
[    1.037120] input: ImExPS/2 Generic Explorer Mouse as /devices/platform/i8042/serio1/input/input4
[    1.207349] scsi host2: ioc0: LSI53C1030 A0, FwRev=00000000h, Ports=1, MaxQ=256, IRQ=20
[    1.376800] scsi 2:0:0:0: Direct-Access     VBOX     HARDDISK         1.0  PQ: 0 ANSI: 5
[    1.400618] scsi target2:0:0: Beginning Domain Validation
[    1.403234] scsi target2:0:0: Domain Validation skipping write tests
[    1.404355] scsi target2:0:0: Ending Domain Validation
[    1.405265] scsi target2:0:0: asynchronous
[    1.406373] scsi 2:0:1:0: Direct-Access     VBOX     HARDDISK         1.0  PQ: 0 ANSI: 5
[    1.644066] scsi target2:0:1: Beginning Domain Validation
[    1.646484] random: fast init done
[    1.647152] scsi target2:0:1: Domain Validation skipping write tests
[    1.648240] scsi target2:0:1: Ending Domain Validation
[    1.649441] scsi target2:0:1: asynchronous
[    1.653529] sd 2:0:0:0: Attached scsi generic sg0 type 0
[    1.654505] sd 2:0:1:0: Attached scsi generic sg1 type 0
[    1.655737] sd 2:0:0:0: [sda] 20971520 512-byte logical blocks: (10.7 GB/10.0 GiB)
[    1.657272] sd 2:0:0:0: [sda] Write Protect is off
[    1.657527] random: systemd-udevd: uninitialized urandom read (16 bytes read)
[    1.659241] sd 2:0:1:0: [sdb] 20480 512-byte logical blocks: (10.5 MB/10.0 MiB)
[    1.660611] sd 2:0:1:0: [sdb] Write Protect is off
[    1.661487] random: systemd-udevd: uninitialized urandom read (16 bytes read)
[    1.662653] sd 2:0:1:0: [sdb] Incomplete mode parameter data
[    1.663665] sd 2:0:1:0: [sdb] Assuming drive cache: write through
[    1.664727] random: systemd-udevd: uninitialized urandom read (16 bytes read)
[    1.666897] sd 2:0:0:0: [sda] Incomplete mode parameter data
[    1.667929] sd 2:0:0:0: [sda] Assuming drive cache: write through
[    1.669880] sd 2:0:1:0: [sdb] Attached SCSI disk
[    1.671065]  sda: sda1
[    1.671952] sd 2:0:0:0: [sda] Attached SCSI disk
[    1.772498] e1000 0000:00:03.0 eth0: (PCI:33MHz:32-bit) 02:8e:72:66:23:f8
[    1.774446] e1000 0000:00:03.0 eth0: Intel(R) PRO/1000 Network Connection
[    1.776559] e1000 0000:00:03.0 enp0s3: renamed from eth0
Begin: Loading essential drivers ... [    3.136345] raid6: sse2x1   gen() 13286 MB/s
[    3.184215] raid6: sse2x1   xor()  9472 MB/s
[    3.232119] raid6: sse2x2   gen() 16528 MB/s
[    3.280068] raid6: sse2x2   xor() 10922 MB/s
[    3.332387] raid6: sse2x4   gen() 20895 MB/s
[    3.380831] raid6: sse2x4   xor() 11568 MB/s
[    3.428519] raid6: avx2x1   gen() 26343 MB/s
[    3.476408] raid6: avx2x1   xor() 18739 MB/s
[    3.524199] raid6: avx2x2   gen() 32615 MB/s
[    3.572035] raid6: avx2x2   xor() 20139 MB/s
[    3.620381] raid6: avx2x4   gen() 37154 MB/s
[    3.672031] raid6: avx2x4   xor() 24348 MB/s
[    3.672916] raid6: using algorithm avx2x4 gen() 37154 MB/s
[    3.673823] raid6: .... xor() 24348 MB/s, rmw enabled
[    3.674653] raid6: using avx2x2 recovery algorithm
[    3.676639] xor: automatically using best checksumming function   avx       
[    3.678695] async_tx: api initialized (async)
done.
Begin: Running /scripts/init-premount ... done.
Begin: Mounting root file system ... Begin: Running /scripts/local-top ... done.
Begin: Running /scripts/local-premount ... [    3.713503] Btrfs loaded, crc32c=crc32c-intel
Scanning for Btrfs filesystems
done.
Warning: fsck not present, so skipping root file system
[    3.732639] EXT4-fs (sda1): mounted filesystem with ordered data mode. Opts: (null)
done.
Begin: Running /scripts/local-bottom ... done.
Begin: Running /scripts/init-bottom ... done.
[    3.822227] ip_tables: (C) 2000-2006 Netfilter Core Team
[    3.826409] systemd[1]: systemd 237 running in system mode. (+PAM +AUDIT +SELINUX +IMA +APPARMOR +SMACK +SYSVINIT +UTMP +LIBCRYPTSETUP +GCRYPT +GNUTLS +ACL +XZ +LZ4 +SECCOMP +BLKID +ELFUTILS +KMOD -IDN2 +IDN -PCRE2 default-hierarchy=hybrid)
[    3.829793] systemd[1]: Detected virtualization oracle.
[    3.830626] systemd[1]: Detected architecture x86-64.

Welcome to [1mUbuntu 18.04.3 LTS[0m!

[    3.834626] systemd[1]: Set hostname to <ubuntu>.
[    3.836796] systemd[1]: Initializing machine ID from random generator.
[    3.837834] systemd[1]: Installed transient /etc/machine-id file.
[    3.967073] systemd[1]: Set up automount Arbitrary Executable File Formats File System Automount Point.
[[0;32m  OK  [0m] Set up automount Arbitrary Executabâ€¦rmats File System Automount Point.
[    3.969730] systemd[1]: Started Forward Password Requests to Wall Directory Watch.
[[0;32m  OK  [0m] Started Forward Password Requests to Wall Directory Watch.
[    3.971957] systemd[1]: Reached target User and Group Name Lookups.
[[0;32m  OK  [0m] Reached target User and Group Name Lookups.
[    3.974664] systemd[1]: Created slice User and Session Slice.
[[0;32m  OK  [0m] Created slice User and Session Slice.
[[0;32m  OK  [0m] Reached target Swap.
[[0;32m  OK  [0m] Created slice System Slice.
[[0;32m  OK  [0m] Listening on Device-mapper event daemon FIFOs.
[[0;32m  OK  [0m] Reached target Slices.
[[0;32m  OK  [0m] Listening on udev Kernel Socket.
[[0;32m  OK  [0m] Listening on Network Service Netlink Socket.
[[0;32m  OK  [0m] Listening on LVM2 poll daemon socket.
[[0;32m  OK  [0m] Listening on Journal Socket (/dev/log).
[[0;32m  OK  [0m] Listening on LVM2 metadata daemon socket.
[[0;32m  OK  [0m] Listening on Journal Socket.
         Starting Set the console keyboard layout...
         Starting Uncomplicated firewall...
[[0;32m  OK  [0m] Created slice system-serial\x2dgetty.slice.
[[0;32m  OK  [0m] Listening on /dev/initctl Compatibility Named Pipe.
         Starting Create list of required stâ€¦ce nodes for the current kernel...
         Starting Monitoring of LVM2 mirrorsâ€¦ng dmeventd or progress polling...
[[0;32m  OK  [0m] Listening on Syslog Socket.
[[0;32m  OK  [0m] Listening on udev Control Socket.
         Starting udev Coldplug all Devices...
[[0;32m  OK  [0m] Listening on Journal Audit Socket.
         Starting Journal Service...
         Mounting Huge Pages File System...
         Mounting POSIX Message Queue File System...
         Starting Remount Root and Kernel File Systems...
         Mounting Kernel Debug File System...
[    4.050679] EXT4-fs (sda1): re-mounted. Opts: (null)
         Starting Load Kernel Modules...
[[0;32m  OK  [0m] Reached target System Time Synchronized.
[[0;32m  OK  [0m] Started Journal Service.
[[0;32m  OK  [0m] Started Uncomplicated firewall.
[[0;32m  OK  [0m] Started Create list of required staâ€¦vice nodes for the current kernel.
[[0;32m  OK  [0m] Mounted Huge Pages File System.
[    4.080261] Loading iSCSI transport class v2.0-870.
[[0;32m  OK  [0m] Mounted POSIX Message Queue File System.
[[0;32m  OK  [0m] Started Remount Root and Kernel File Systems.
[    4.085763] iscsi: registered transport (tcp)
[[0;32m  OK  [0m] Mounted Kernel Debug File System.
[    4.097587] iscsi: registered transport (iser)
[[0;32m  OK  [0m] Started LVM2 metadata daemon.
         Starting Load/Save Random Seed...
         Starting Create Static Device Nodes in /dev...
         Starting Flush Journal to Persistent Storage...
[[0;32m  OK  [0m] Started Load Kernel Modules.
[[0;32m  OK  [0m] Started udev Coldplug all Devices.
         Starting Apply Kernel Variables...
         Mounting Kernel Configuration File System...
         Mounting FUSE Control File System...
[[0;32m  OK  [0m] Mounted Kernel Configuration File System.
[[0;32m  OK  [0m] Started Load/Save Random Seed.
[[0;32m  OK  [0m] Mounted FUSE Control File System.
[[0;32m  OK  [0m] Started Create Static Device Nodes in /dev.
         Starting udev Kernel Device Manager...
[[0;32m  OK  [0m] Started Monitoring of LVM2 mirrors,â€¦sing dmeventd or progress polling.
[[0;32m  OK  [0m] Started udev Kernel Device Manager.
[[0;32m  OK  [0m] Started Apply Kernel Variables.
[[0;32m  OK  [0m] Started Flush Journal to Persistent Storage.
[[0;32m  OK  [0m] Found device /dev/ttyS0.
[[0;32m  OK  [0m] Listening on Load/Save RF Kill Switch Status /dev/rfkill Watch.
[[0;32m  OK  [0m] Started Set the console keyboard layout.
[[0;32m  OK  [0m] Started Dispatch Password Requests to Console Directory Watch.
[[0;32m  OK  [0m] Reached target Local Encrypted Volumes.
[[0;32m  OK  [0m] Reached target Local File Systems (Pre).
[[0;32m  OK  [0m] Reached target Local File Systems.
         Starting Tell Plymouth To Write Out Runtime Data...
         Starting Commit a transient machine-id on disk...
         Starting ebtables ruleset management...
         Starting AppArmor initialization...
         Starting Set console font and keymap...
         Starting Create Volatile Files and Directories...
[[0;32m  OK  [0m] Started Tell Plymouth To Write Out Runtime Data.
[[0;32m  OK  [0m] Started Set console font and keymap.
[[0;32m  OK  [0m] Started Create Volatile Files and Directories.
         Starting Update UTMP about System Boot/Shutdown...
[[0;32m  OK  [0m] Started Update UTMP about System Boot/Shutdown.
[[0;32m  OK  [0m] Started Commit a transient machine-id on disk.
[[0;32m  OK  [0m] Started ebtables ruleset management.
[[0;32m  OK  [0m] Started AppArmor initialization.
         Starting Initial cloud-init job (pre-networking)...
[    5.973854] cloud-init[697]: Cloud-init v. 19.2-36-g059d049c-0ubuntu2~18.04.1 running 'init-local' at Wed, 06 Nov 2019 08:37:25 +0000. Up 5.73 seconds.
[[0;32m  OK  [0m] Started Initial cloud-init job (pre-networking).
[[0;32m  OK  [0m] Reached target Network (Pre).
         Starting Network Service...
[[0;32m  OK  [0m] Started Network Service.
         Starting Network Name Resolution...
         Starting Wait for Network to be Configured...
[[0;32m  OK  [0m] Started Network Name Resolution.
[[0;32m  OK  [0m] Reached target Network.
[[0;32m  OK  [0m] Reached target Host and Network Name Lookups.
[[0;32m  OK  [0m] Started Wait for Network to be Configured.
         Starting Initial cloud-init job (metadata service crawler)...
[    7.536132] cloud-init[800]: Cloud-init v. 19.2-36-g059d049c-0ubuntu2~18.04.1 running 'init' at Wed, 06 Nov 2019 08:37:27 +0000. Up 7.43 seconds.
[    7.537499] cloud-init[800]: ci-info: ++++++++++++++++++++++++++++++++++++++Net device info++++++++++++++++++++++++++++++++++++++
[    7.548159] cloud-init[800]: ci-info: +--------+------+----------------------------+---------------+--------+-------------------+
[    7.549616] cloud-init[800]: ci-info: | Device |  Up  |          Address           |      Mask     | Scope  |     Hw-Address    |
[    7.551107] cloud-init[800]: ci-info: +--------+------+----------------------------+---------------+--------+-------------------+
[    7.560239] cloud-init[800]: ci-info: | enp0s3 | True |         10.0.2.15          | 255.255.255.0 | global | 02:8e:72:66:23:f8 |
[    7.572146] cloud-init[800]: ci-info: | enp0s3 | True | fe80::8e:72ff:fe66:23f8/64 |       .       |  link  | 02:8e:72:66:23:f8 |
[    7.573711] cloud-init[800]: ci-info: |   lo   | True |         127.0.0.1          |   255.0.0.0   |  host  |         .         |
[    7.575247] cloud-init[800]: ci-info: |   lo   | True |          ::1/128           |       .       |  host  |         .         |
[    7.576767] cloud-init[800]: ci-info: +--------+------+----------------------------+---------------+--------+-------------------+
[    7.578770] cloud-init[800]: ci-info: ++++++++++++++++++++++++++++Route IPv4 info+++++++++++++++++++++++++++++
[    7.580147] cloud-init[800]: ci-info: +-------+-------------+----------+-----------------+-----------+-------+
[    7.581548] cloud-init[800]: ci-info: | Route | Destination | Gateway  |     Genmask     | Interface | Flags |
[    7.582938] cloud-init[800]: ci-info: +-------+-------------+----------+-----------------+-----------+-------+
[    7.584509] cloud-init[800]: ci-info: |   0   |   0.0.0.0   | 10.0.2.2 |     0.0.0.0     |   enp0s3  |   UG  |
[    7.585737] cloud-init[800]: ci-info: |   1   |   10.0.2.0  | 0.0.0.0  |  255.255.255.0  |   enp0s3  |   U   |
[    7.587297] cloud-init[800]: ci-info: |   2   |   10.0.2.2  | 0.0.0.0  | 255.255.255.255 |   enp0s3  |   UH  |
[    7.588689] cloud-init[800]: ci-info: +-------+-------------+----------+-----------------+-----------+-------+
[    7.590146] cloud-init[800]: ci-info: +++++++++++++++++++Route IPv6 info+++++++++++++++++++
[    7.591718] cloud-init[800]: ci-info: +-------+-------------+---------+-----------+-------+
[    7.593006] cloud-init[800]: ci-info: | Route | Destination | Gateway | Interface | Flags |
[    7.594378] cloud-init[800]: ci-info: +-------+-------------+---------+-----------+-------+
[    7.595450] cloud-init[800]: ci-info: |   1   |  fe80::/64  |    ::   |   enp0s3  |   U   |
[    7.597524] cloud-init[800]: ci-info: |   3   |    local    |    ::   |   enp0s3  |   U   |
[    7.598840] cloud-init[800]: ci-info: |   4   |   ff00::/8  |    ::   |   enp0s3  |   U   |
[    7.600073] cloud-init[800]: ci-info: +-------+-------------+---------+-----------+-------+
[    8.282323] cloud-init[800]: Generating public/private rsa key pair.
[    8.296253] cloud-init[800]: Your identification has been saved in /etc/ssh/ssh_host_rsa_key.
[    8.312273] cloud-init[800]: Your public key has been saved in /etc/ssh/ssh_host_rsa_key.pub.
[    8.313061] cloud-init[800]: The key fingerprint is:
[    8.313544] cloud-init[800]: SHA256:lTdXPrdfAnp7Y4rbqoE/X0ztihYaD2RETadhjbjaDAA root@ubuntu-bionic
[    8.314681] cloud-init[800]: The key's randomart image is:
[    8.315505] cloud-init[800]: +---[RSA 2048]----+
[    8.316266] cloud-init[800]: |  E.   ..++o.   .|
[    8.316984] cloud-init[800]: |    .   o.o=.  o |
[    8.317698] cloud-init[800]: |     . . .+ + ..o|
[    8.318414] cloud-init[800]: |      . +. o =  +|
[    8.319129] cloud-init[800]: |       BS . o o..|
[    8.321020] cloud-init[800]: |      ..= .+ o .o|
[    8.321698] cloud-init[800]: |      . .= .+ = .|
[    8.322342] cloud-init[800]: |       .o.o= = . |
[    8.322998] cloud-init[800]: |        o=*o+    |
[    8.323694] cloud-init[800]: +----[SHA256]-----+
[    8.324341] cloud-init[800]: Generating public/private dsa key pair.
[    8.325187] cloud-init[800]: Your identification has been saved in /etc/ssh/ssh_host_dsa_key.
[    8.326285] cloud-init[800]: Your public key has been saved in /etc/ssh/ssh_host_dsa_key.pub.
[    8.327427] cloud-init[800]: The key fingerprint is:
[    8.328180] cloud-init[800]: SHA256:lP6Sh+hQ55FoWklxNKGXWGTgSSRz51LAiYEZ84dE+sQ root@ubuntu-bionic
[    8.329278] cloud-init[800]: The key's randomart image is:
[    8.330021] cloud-init[800]: +---[DSA 1024]----+
[    8.330662] cloud-init[800]: |  o=*=B*@.       |
[    8.331286] cloud-init[800]: |  o*.Bo% +       |
[    8.331915] cloud-init[800]: |  . E O *        |
[    8.332573] cloud-init[800]: |   o o B .       |
[    8.333202] cloud-init[800]: |    . * S        |
[    8.333826] cloud-init[800]: |     = + =       |
[    8.334472] cloud-init[800]: |    o . = o      |
[    8.335101] cloud-init[800]: |     o   o       |
[    8.335729] cloud-init[800]: |      .          |
[    8.336452] cloud-init[800]: +----[SHA256]-----+
[    8.337170] cloud-init[800]: Generating public/private ecdsa key pair.
[    8.338054] cloud-init[800]: Your identification has been saved in /etc/ssh/ssh_host_ecdsa_key.
[    8.339176] cloud-init[800]: Your public key has been saved in /etc/ssh/ssh_host_ecdsa_key.pub.
[    8.340311] cloud-init[800]: The key fingerprint is:
[    8.340990] cloud-init[800]: SHA256:v1jYrjhLkUcVxHIjD6a8MQPJTX+JlOnAK7tXKxCJx98 root@ubuntu-bionic
[    8.342156] cloud-init[800]: The key's randomart image is:
[    8.342879] cloud-init[800]: +---[ECDSA 256]---+
[    8.343533] cloud-init[800]: |   . =. .=+.     |
[    8.344295] cloud-init[800]: |    + +oBo+.     |
[    8.345007] cloud-init[800]: |   o + *+*o.     |
[[0;32m  OK  [0m] Started Initial cloud-init job (metadata service crawler).
[[0;32m  OK  [0m] Reached target System Initialization.
[    8.362924] cloud-init[800]: |  . * Bo...      |
[    8.373540] cloud-init[800]: |   . =o*S        |
[    8.374157] cloud-init[800]: |    o ooE+       |
[    8.459442] cloud-init[800]: |     o....+      |
[    8.473867] cloud-init[800]: |    ..+..+ .     |
[    8.474538] cloud-init[800]: |     .o+o.o      |
[    8.475197] cloud-init[800]: +----[SHA256]-----+
[    8.542472] cloud-init[800]: Generating public/private ed25519 key pair.
[    8.543545] cloud-init[800]: Your identification has been saved in /etc/ssh/ssh_host_ed25519_key.
[    8.544295] cloud-init[800]: Your public key has been saved in /etc/ssh/ssh_host_ed25519_key.pub.
[[0;32m  OK  [0m] Started ACPI Events Check.
[    8.547374] cloud-init[800]: The key fingerprint is:
[    8.548788] cloud-init[800]: SHA256:KvI3E3sA7pZyjjJUA0usmpsPxcmsiF49cdnq21YrPCI root@ubuntu-bionic
[    8.550271] cloud-init[800]: The key's randomart image is:
         Starting Socket activation for snappy daemon.
[    8.556645] cloud-init[800]: +--[ED25519 256]--+
[    8.557817] cloud-init[800]: |.                |
[    8.558246] cloud-init[800]: | +               |
[    8.558884] cloud-init[800]: |o o              |
[    8.559318] cloud-init[800]: |.= +.   o        |
[    8.559967] cloud-init[800]: |..B..o oS.       |
[    8.572205] cloud-init[800]: |=+  o =..  .     |
[    8.572259] cloud-init[800]: |*o.o.+.=. . .    |
         Starting LXD - unix socket.
[    8.572317] cloud-init[800]: |*.o+=EB.o= .     |
[[0;32m  OK  [0m[    8.589183] cloud-init[800]: | =o=o..*+.o      |
[    8.589444] cloud-init[800]: +----[SHA256]-----+
] Reached target Paths.
[[0;32m  OK  [0m] Started Daily apt download activities.
[[0;32m  OK  [0m] Listening on Open-iSCSI iscsid Socket.
[[0;32m  OK  [0m] Listening on D-Bus System Message Bus Socket.
[[0;32m  OK  [0m] Started Daily Cleanup of Temporary Directories.
[[0;32m  OK  [0m] Started Daily apt upgrade and clean activities.
[[0;32m  OK  [0m] Listening on UUID daemon activation socket.
[[0;32m  OK  [0m] Started Message of the Day.
[[0;32m  OK  [0m] Listening on ACPID Listen Socket.
[[0;32m  OK  [0m] Started Discard unused blocks once a week.
[[0;32m  OK  [0m] Reached target Timers.
[[0;32m  OK  [0m] Reached target Cloud-config availability.
[[0;32m  OK  [0m] Reached target Network is Online.
         Starting Availability of block devices...
[[0;32m  OK  [0m] Reached target Remote File Systems (Pre).
[[0;32m  OK  [0m] Reached target Remote File Systems.
[[0;32m  OK  [0m] Listening on Socket activation for snappy daemon.
[[0;32m  OK  [0m] Listening on LXD - unix socket.
[[0;32m  OK  [0m] Started Availability of block devices.
[[0;32m  OK  [0m] Reached target Sockets.
[[0;32m  OK  [0m] Reached target Basic System.
         Starting LXD - container startup/shutdown...
[[0;32m  OK  [0m] Started irqbalance daemon.
         Starting System Logging Service...
[[0;32m  OK  [0m] Started Regular background program processing daemon.
         Starting Login Service...
[[0;32m  OK  [0m] Started FUSE filesystem for LXC.
         Starting Dispatcher daemon for systemd-networkd...
[[0;32m  OK  [0m] Started Deferred execution scheduler.
         Starting LSB: Record successful boot for GRUB...
         Starting Permit User Sessions...
         Starting LSB: automatic crash report generation...
         Starting Accounts Service...
         Starting Virtualbox guest utils...
[[0;32m  OK  [0m] Started D-Bus System Message Bus.
[[0;32m  OK  [0m] Started Login Service.
[[0;32m  OK  [0m] Started Unattended Upgrades Shutdown.
         Starting Snappy daemon...
         Starting Pollinate to seed the pseudo random number generator...
[[0;32m  OK  [0m] Started System Logging Service.
[[0;32m  OK  [0m] Started LXD - container startup/shutdown.
[[0;32m  OK  [0m] Started Permit User Sessions.
         Starting Hold until boot process finishes up...
         Starting Terminate Plymouth Boot Screen...
[[0;32m  OK  [0m] Started Hold until boot process finishes up.
[[0;32m  OK  [0m] Started Terminate Plymouth Boot Screen.
         Starting Authorization Manager...
         Starting Set console scheme...
[[0;32m  OK  [0m] Started Serial Getty on ttyS0.
[[0;32m  OK  [0m] Started Set console scheme.
[[0;32m  OK  [0m] Started LSB: automatic crash report generation.
[[0;32m  OK  [0m] Created slice system-getty.slice.
[[0;32m  OK  [0m] Started Getty on tty1.
[[0;32m  OK  [0m] Reached target Login Prompts.
[[0;32m  OK  [0m] Started Authorization Manager.
[[0;32m  OK  [0m] Started Accounts Service.
[[0;32m  OK  [0m] Started LSB: Record successful boot for GRUB.
[[0;32m  OK  [0m] Started Virtualbox guest utils.
[[0;32m  OK  [0m] Started Dispatcher daemon for systemd-networkd.
[[0;32m  OK  [0m] Started Snappy daemon.
         Starting Wait until snapd is fully seeded...
[[0;32m  OK  [0m] Started Pollinate to seed the pseudo random number generator.
         Starting OpenBSD Secure Shell server...
[[0;32m  OK  [0m] Started OpenBSD Secure Shell server.
[[0;32m  OK  [0m] Started Wait until snapd is fully seeded.
         Starting Apply the settings specified in cloud-config...
[[0;32m  OK  [0m] Reached target Multi-User System.
[[0;32m  OK  [0m] Reached target Graphical Interface.
         Starting Update UTMP about System Runlevel Changes...
[[0;32m  OK  [0m] Started Update UTMP about System Runlevel Changes.
[   11.879142] cloud-init[1345]: Cloud-init v. 19.2-36-g059d049c-0ubuntu2~18.04.1 running 'modules:config' at Wed, 06 Nov 2019 08:37:31 +0000. Up 11.63 seconds.
[[0;32m  OK  [0m] Started Apply the settings specified in cloud-config.
         Starting Execute cloud user/final scripts...
ci-info: no authorized ssh keys fingerprints found for user ubuntu.
<14>Nov  6 08:37:32 ec2: 
<14>Nov  6 08:37:32 ec2: #############################################################
<14>Nov  6 08:37:32 ec2: -----BEGIN SSH HOST KEY FINGERPRINTS-----
<14>Nov  6 08:37:32 ec2: 1024 SHA256:lP6Sh+hQ55FoWklxNKGXWGTgSSRz51LAiYEZ84dE+sQ root@ubuntu-bionic (DSA)
<14>Nov  6 08:37:32 ec2: 256 SHA256:v1jYrjhLkUcVxHIjD6a8MQPJTX+JlOnAK7tXKxCJx98 root@ubuntu-bionic (ECDSA)
<14>Nov  6 08:37:32 ec2: 256 SHA256:KvI3E3sA7pZyjjJUA0usmpsPxcmsiF49cdnq21YrPCI root@ubuntu-bionic (ED25519)
<14>Nov  6 08:37:32 ec2: 2048 SHA256:lTdXPrdfAnp7Y4rbqoE/X0ztihYaD2RETadhjbjaDAA root@ubuntu-bionic (RSA)
<14>Nov  6 08:37:32 ec2: -----END SSH HOST KEY FINGERPRINTS-----
<14>Nov  6 08:37:32 ec2: #############################################################
-----BEGIN SSH HOST KEY KEYS-----
ecdsa-sha2-nistp256 AAAAE2VjZHNhLXNoYTItbmlzdHAyNTYAAAAIbmlzdHAyNTYAAABBBC5SgK8lCx50qOuF/madAfXT9ug8VlQLa7NRtJPjQxEc0AhTgk88FZkQ/K8HgWdXlUyPG2VbNUC1Ym83vnRUJnY= root@ubuntu-bionic
ssh-ed25519 AAAAC3NzaC1lZDI1NTE5AAAAIH6yuOTn2QA1rRBQ4l+JsBm+2uLwv7NbwkvHRq/GRLXu root@ubuntu-bionic
ssh-rsa AAAAB3NzaC1yc2EAAAADAQABAAABAQCx4FrVu02u4ANQk+nEx5y/l3YwlGFaJOaaot2ARF/IHWkSyS0WZ8bnww20bx933Zclpwr7FKv9FpEsE/xdwuUoCdE5imd2+w+mbydF0VfELMf5W4+pU5G5Q8VStXx/X1PDzwSSNwW7bp/GFpIXlIJ8qrfS7fbObvjBise2TXxUSuyQ3a6Gv82PqMlk7cYx1axV5kT+tZuI53p5FPeZpLLhjRmbaOxqiR/sadeqZzrgTAvNjA+h0SbruecBjlWMhyIdc7NxsnJ4bs/YK1HRfgHH50/GCbomUc5F1ul2qzSjY2OPcZeeKOLMFnfkW1jHYxIUrUbvLg/3ohXe6tArFrzV root@ubuntu-bionic
-----END SSH HOST KEY KEYS-----
[   12.297153] cloud-init[1409]: Cloud-init v. 19.2-36-g059d049c-0ubuntu2~18.04.1 running 'modules:final' at Wed, 06 Nov 2019 08:37:32 +0000. Up 12.17 seconds.
[   12.308248] cloud-init[1409]: ci-info: no authorized ssh keys fingerprints found for user ubuntu.
[   12.309114] cloud-init[1409]: Cloud-init v. 19.2-36-g059d049c-0ubuntu2~18.04.1 finished at Wed, 06 Nov 2019 08:37:32 +0000. Datasource DataSourceNoCloud [seed=/dev/sdb][dsmode=net].  Up 12.29 seconds
[[0;32m  OK  [0m] Created slice User Slice of vagrant.
         Starting User Manager for UID 1000...
[[0;32m  OK  [0m] Started Session 1 of user vagrant.
[[0;32m  OK  [0m] Started Execute cloud user/final scripts.
[[0;32m  OK  [0m] Started User Manager for UID 1000.
[[0;32m  OK  [0m] Reached target Cloud-init target.

Ubuntu 18.04.3 LTS ubuntu-bionic ttyS0

ubuntu-bionic login: 